\BOOKMARK [1][-]{section*.2}{\376\377\000H\000o\000w\000\040\000t\000o\000\040\000u\000s\000e\000\040\000t\000h\000i\000s\000\040\000f\000i\000l\000e}{}% 1
\BOOKMARK [1][-]{section.1}{\376\377\000C\000o\000r\000e\000:\000\040\0001\0002\000.\0002\000\040\000G\000r\000a\000p\000h\000s\000\040\000a\000n\000d\000\040\000s\000u\000r\000f\000a\000c\000e\000s}{}% 2
\BOOKMARK [2][-]{subsection.1.1}{\376\377\000P\000r\000o\000b\000l\000e\000m\000\040\000t\000y\000p\000e\000:\000\040\000R\000e\000c\000o\000g\000n\000i\000z\000e\000\040\000a\000n\000d\000\040\000d\000e\000s\000c\000r\000i\000b\000e\000\040\000a\000\040\000s\000u\000r\000f\000a\000c\000e}{section.1}% 3
\BOOKMARK [2][-]{subsection.1.2}{\376\377\000P\000r\000o\000b\000l\000e\000m\000\040\000t\000y\000p\000e\000:\000\040\000T\000e\000s\000t\000\040\000a\000\040\000s\000p\000h\000e\000r\000e\000\040\000o\000r\000\040\000h\000e\000m\000i\000s\000p\000h\000e\000r\000e\000\040\000a\000s\000\040\000a\000\040\000f\000u\000n\000c\000t\000i\000o\000n}{section.1}% 4
\BOOKMARK [2][-]{subsection.1.3}{\376\377\000P\000r\000o\000b\000l\000e\000m\000\040\000t\000y\000p\000e\000:\000\040\000T\000r\000a\000n\000s\000f\000o\000r\000m\000\040\000a\000\040\000k\000n\000o\000w\000n\000\040\000g\000r\000a\000p\000h}{section.1}% 5
\BOOKMARK [1][-]{section.2}{\376\377\000C\000o\000r\000e\000:\000\040\000v\000e\000r\000t\000i\000c\000a\000l\000\040\000c\000r\000o\000s\000s\000-\000s\000e\000c\000t\000i\000o\000n\000s}{}% 6
\BOOKMARK [2][-]{subsection.2.1}{\376\377\000P\000r\000o\000b\000l\000e\000m\000\040\000t\000y\000p\000e\000:\000\040\000F\000i\000n\000d\000\040\000a\000n\000d\000\040\000i\000n\000t\000e\000r\000p\000r\000e\000t\000\040\000p\000a\000r\000a\000b\000o\000l\000i\000c\000\040\000t\000r\000a\000c\000e\000s}{section.2}% 7
\BOOKMARK [2][-]{subsection.2.2}{\376\377\000P\000r\000o\000b\000l\000e\000m\000\040\000t\000y\000p\000e\000:\000\040\000D\000r\000a\000w\000\040\000n\000o\000n\000l\000i\000n\000e\000a\000r\000\040\000a\000n\000d\000\040\000l\000i\000n\000e\000a\000r\000\040\000t\000r\000a\000c\000e\000\040\000f\000a\000m\000i\000l\000i\000e\000s}{section.2}% 8
\BOOKMARK [1][-]{section.3}{\376\377\000C\000o\000r\000e\000:\000\040\000c\000y\000l\000i\000n\000d\000e\000r\000s\000\040\000a\000n\000d\000\040\000f\000r\000e\000e\000\040\000v\000a\000r\000i\000a\000b\000l\000e\000s}{}% 9
\BOOKMARK [2][-]{subsection.3.1}{\376\377\000P\000r\000o\000b\000l\000e\000m\000\040\000t\000y\000p\000e\000:\000\040\000I\000d\000e\000n\000t\000i\000f\000y\000\040\000a\000\040\000c\000y\000l\000i\000n\000d\000e\000r\000\040\000i\000n\000\040\000t\000w\000o\000\040\000o\000r\000\040\000t\000h\000r\000e\000e\000\040\000d\000i\000m\000e\000n\000s\000i\000o\000n\000s}{section.3}% 10
\BOOKMARK [1][-]{section.4}{\376\377\000C\000o\000r\000e\000:\000\040\0001\0002\000.\0003\000\040\000c\000o\000n\000t\000o\000u\000r\000s\000\040\000a\000n\000d\000\040\000l\000e\000v\000e\000l\000\040\000c\000u\000r\000v\000e\000s}{}% 11
\BOOKMARK [2][-]{subsection.4.1}{\376\377\000P\000r\000o\000b\000l\000e\000m\000\040\000t\000y\000p\000e\000:\000\040\000D\000i\000s\000t\000i\000n\000g\000u\000i\000s\000h\000\040\000a\000\040\000c\000o\000n\000t\000o\000u\000r\000\040\000f\000r\000o\000m\000\040\000a\000\040\000c\000r\000o\000s\000s\000-\000s\000e\000c\000t\000i\000o\000n}{section.4}% 12
\BOOKMARK [2][-]{subsection.4.2}{\376\377\000P\000r\000o\000b\000l\000e\000m\000\040\000t\000y\000p\000e\000:\000\040\000F\000i\000n\000d\000\040\000a\000l\000g\000e\000b\000r\000a\000i\000c\000\040\000c\000o\000n\000t\000o\000u\000r\000s\000\040\000a\000n\000d\000\040\000e\000x\000p\000l\000a\000i\000n\000\040\000s\000p\000a\000c\000i\000n\000g}{section.4}% 13
\BOOKMARK [2][-]{subsection.4.3}{\376\377\000P\000r\000o\000b\000l\000e\000m\000\040\000t\000y\000p\000e\000:\000\040\000P\000l\000o\000t\000\040\000c\000o\000n\000t\000o\000u\000r\000s\000\040\000o\000f\000\040\000a\000\040\000l\000i\000n\000e\000a\000r\000\040\000f\000u\000n\000c\000t\000i\000o\000n}{section.4}% 14
\BOOKMARK [2][-]{subsection.4.4}{\376\377\000P\000r\000o\000b\000l\000e\000m\000\040\000t\000y\000p\000e\000:\000\040\000R\000e\000a\000d\000\040\000a\000\040\000l\000a\000b\000e\000l\000l\000e\000d\000\040\000c\000o\000n\000t\000o\000u\000r\000\040\000m\000a\000p\000\040\000a\000n\000d\000\040\000e\000s\000t\000i\000m\000a\000t\000e\000\040\000a\000\040\000v\000a\000l\000u\000e}{section.4}% 15
\BOOKMARK [2][-]{subsection.4.5}{\376\377\000P\000r\000o\000b\000l\000e\000m\000\040\000t\000y\000p\000e\000:\000\040\000B\000u\000i\000l\000d\000\040\000a\000\040\000c\000o\000n\000t\000o\000u\000r\000\040\000f\000r\000o\000m\000\040\000a\000\040\000n\000u\000m\000e\000r\000i\000c\000a\000l\000\040\000t\000a\000b\000l\000e}{section.4}% 16
\BOOKMARK [2][-]{subsection.4.6}{\376\377\000P\000r\000o\000b\000l\000e\000m\000\040\000t\000y\000p\000e\000:\000\040\000I\000n\000t\000e\000r\000p\000r\000e\000t\000\040\000s\000a\000d\000d\000l\000e\000\040\000c\000o\000n\000t\000o\000u\000r\000s\000\040\000a\000n\000d\000\040\000a\000\040\000c\000o\000m\000p\000l\000e\000t\000e\000\040\000t\000a\000b\000l\000e}{section.4}% 17
\BOOKMARK [2][-]{subsection.4.7}{\376\377\000P\000r\000o\000b\000l\000e\000m\000\040\000t\000y\000p\000e\000:\000\040\000U\000s\000e\000\040\000a\000\040\000f\000i\000n\000i\000t\000e\000-\000d\000o\000m\000a\000i\000n\000\040\000r\000o\000o\000f\000\040\000a\000n\000d\000\040\000i\000t\000s\000\040\000c\000o\000n\000t\000o\000u\000r\000s}{section.4}% 18
\BOOKMARK [1][-]{section.5}{\376\377\000S\000u\000p\000p\000l\000e\000m\000e\000n\000t\000a\000r\000y\000:\000\040\000r\000e\000v\000i\000e\000w\000,\000\040\000t\000r\000a\000n\000s\000f\000o\000r\000m\000a\000t\000i\000o\000n\000s\000,\000\040\000a\000n\000d\000\040\000p\000r\000o\000d\000u\000c\000t\000i\000o\000n}{}% 19
\BOOKMARK [1][-]{section.6}{\376\377\000P\000r\000e\000v\000i\000e\000w\000:\000\040\000l\000a\000t\000e\000r\000-\000s\000e\000c\000t\000i\000o\000n\000\040\000m\000a\000t\000e\000r\000i\000a\000l\000\040\000p\000r\000e\000s\000e\000n\000t\000\040\000i\000n\000\040\000t\000h\000e\000\040\000w\000e\000e\000k\000\040\000f\000o\000l\000d\000e\000r}{}% 20
\BOOKMARK [2][-]{subsection.6.1}{\376\377\0001\0002\000.\0004\000\040\000L\000i\000n\000e\000a\000r\000\040\000f\000u\000n\000c\000t\000i\000o\000n\000s\000\040\000a\000n\000d\000\040\000p\000l\000a\000n\000e\000s}{section.6}% 21
\BOOKMARK [2][-]{subsection.6.2}{\376\377\0001\0002\000.\0005\000\040\000L\000e\000v\000e\000l\000\040\000s\000u\000r\000f\000a\000c\000e\000s\000\040\000i\000n\000\040\000t\000h\000r\000e\000e\000\040\000i\000n\000p\000u\000t\000s}{section.6}% 22
\BOOKMARK [1][-]{section.7}{\376\377\000W\000e\000e\000k\000l\000y\000\040\000w\000o\000r\000k\000s\000h\000e\000e\000t\000\040\000a\000n\000d\000\040\000l\000e\000c\000t\000u\000r\000e\000\040\000q\000u\000e\000s\000t\000i\000o\000n\000s}{}% 23
\BOOKMARK [2][-]{subsection.7.1}{\376\377\000W\000e\000e\000k\0002\000.\000p\000d\000f\000,\000\040\000p\000a\000g\000e\000\040\0001\000\040\040\024\000\040\000d\000e\000s\000c\000r\000i\000b\000i\000n\000g\000\040\000a\000\040\000p\000l\000a\000n\000e}{section.7}% 24
\BOOKMARK [2][-]{subsection.7.2}{\376\377\000W\000e\000e\000k\0002\000.\000p\000d\000f\000,\000\040\000p\000a\000g\000e\000\040\0002\000\040\040\024\000\040\000c\000o\000m\000m\000o\000n\000\040\000s\000u\000r\000f\000a\000c\000e\000s\000\040\000a\000n\000d\000\040\000a\000m\000b\000i\000e\000n\000t\000\040\000s\000p\000a\000c\000e}{section.7}% 25
\BOOKMARK [2][-]{subsection.7.3}{\376\377\000W\000e\000e\000k\0002\000.\000p\000d\000f\000,\000\040\000p\000a\000g\000e\000\040\0003\000;\000\040\000t\000e\000x\000t\000b\000o\000o\000k\000\040\0001\0002\000.\0002\000\040\000P\000r\000o\000b\000l\000e\000m\000\040\0001\0009\000\040\040\024\000\040\000s\000i\000x\000\040\000c\000r\000o\000s\000s\000-\000s\000e\000c\000t\000i\000o\000n\000s}{section.7}% 26
\BOOKMARK [2][-]{subsection.7.4}{\376\377\000W\000e\000e\000k\0002\000.\000p\000d\000f\000,\000\040\000p\000a\000g\000e\000s\000\040\0004\040\023\0005\000\040\040\024\000\040\000p\000a\000r\000a\000b\000o\000l\000o\000i\000d\000\040\000a\000n\000d\000\040\000c\000o\000n\000e\000\040\000c\000o\000n\000t\000o\000u\000r\000s}{section.7}% 27
\BOOKMARK [2][-]{subsection.7.5}{\376\377\000W\000e\000e\000k\0002\000.\000p\000d\000f\000,\000\040\000p\000a\000g\000e\000\040\0006\000\040\040\024\000\040\000c\000o\000n\000t\000o\000u\000r\000\040\000e\000x\000e\000r\000c\000i\000s\000e}{section.7}% 28
\BOOKMARK [2][-]{subsection.7.6}{\376\377\000W\000e\000e\000k\0002\000.\000p\000d\000f\000,\000\040\000p\000a\000g\000e\000s\000\040\0007\040\023\0008\000\040\040\024\000\040\000n\000u\000m\000e\000r\000i\000c\000a\000l\000\040\000s\000a\000d\000d\000l\000e\000\040\000t\000a\000b\000l\000e}{section.7}% 29
\BOOKMARK [2][-]{subsection.7.7}{\376\377\000W\000e\000e\000k\0002\000.\000p\000d\000f\000,\000\040\000p\000a\000g\000e\000s\000\040\0009\040\023\0001\0000\000\040\040\024\000\040\000F\000a\000l\000l\000\040\0002\0000\0002\0005\000\040\000t\000e\000r\000m\000-\000t\000e\000s\000t\000\040\000t\000e\000n\000t}{section.7}% 30
\BOOKMARK [2][-]{subsection.7.8}{\376\377\000s\000e\000p\000+\0001\0004\000.\000p\000d\000f\000,\000\040\000p\000a\000g\000e\000s\000\040\0001\040\023\0004\000\040\040\024\000\040\000f\000u\000n\000c\000t\000i\000o\000n\000\040\000t\000e\000s\000t\000,\000\040\000s\000h\000i\000f\000t\000s\000,\000\040\000a\000n\000d\000\040\000s\000a\000d\000d\000l\000e\000\040\000s\000l\000i\000c\000e\000s}{section.7}% 31
\BOOKMARK [2][-]{subsection.7.9}{\376\377\000s\000e\000p\000+\0001\0006\000.\000p\000d\000f\000,\000\040\000p\000a\000g\000e\000s\000\040\0001\040\023\0004\000\040\040\024\000\040\000c\000y\000l\000i\000n\000d\000e\000r\000s\000\040\000a\000n\000d\000\040\000a\000\040\000d\000o\000w\000n\000w\000a\000r\000d\000\040\000b\000o\000w\000l}{section.7}% 32
\BOOKMARK [2][-]{subsection.7.10}{\376\377\000s\000e\000p\000+\0001\0008\000.\000p\000d\000f\000,\000\040\000p\000a\000g\000e\000s\000\040\0001\040\023\0004\000\040\040\024\000\040\000i\000n\000t\000e\000r\000p\000o\000l\000a\000t\000i\000n\000g\000\040\000a\000\040\000c\000o\000n\000t\000o\000u\000r}{section.7}% 33
\BOOKMARK [2][-]{subsection.7.11}{\376\377\000M\000A\000T\0002\0003\0005\000H\000-\0005\0002\0000\0001\000-\000S\000e\000p\000t\000-\0001\0006\000.\000p\000d\000f\000,\000\040\000p\000a\000g\000e\000s\000\040\0002\040\023\0004\000\040\040\024\000\040\000i\000n\000i\000t\000i\000a\000l\000\040\000r\000e\000v\000i\000e\000w}{section.7}% 34
\BOOKMARK [2][-]{subsection.7.12}{\376\377\000M\000A\000T\0002\0003\0005\000H\000-\0005\0002\0000\0001\000-\000S\000e\000p\000t\000-\0001\0006\000.\000p\000d\000f\000,\000\040\000p\000a\000g\000e\000\040\0007\000\040\040\024\000\040\000w\000i\000n\000d\000-\000c\000h\000i\000l\000l\000\040\000t\000a\000b\000l\000e\000\040\000\050\000r\000e\000v\000i\000e\000w\000\051}{section.7}% 35
\BOOKMARK [2][-]{subsection.7.13}{\376\377\000M\000A\000T\0002\0003\0005\000H\000-\0005\0002\0000\0001\000-\000S\000e\000p\000t\000-\0001\0006\000.\000p\000d\000f\000,\000\040\000p\000a\000g\000e\000s\000\040\0005\000,\000\040\0006\000,\000\040\0009\000,\000\040\0001\0001\000\040\040\024\000\040\000o\000t\000h\000e\000r\000\040\000r\000e\000v\000i\000e\000w\000\040\000q\000u\000e\000s\000t\000i\000o\000n\000s}{section.7}% 36
\BOOKMARK [2][-]{subsection.7.14}{\376\377\000M\000A\000T\0002\0003\0005\000H\000-\0005\0002\0000\0001\000-\000S\000e\000p\000t\000-\0001\0006\000.\000p\000d\000f\000,\000\040\000p\000a\000g\000e\000s\000\040\0002\0004\040\023\0002\0007\000;\000\040\000S\000e\000p\000t\000e\000m\000b\000e\000r\000\040\0001\0007\000\040\000p\000a\000g\000e\000s\000\040\0001\040\023\0003\000\040\040\024\000\040\000p\000r\000e\000v\000i\000e\000w\000\040\000e\000x\000e\000r\000c\000i\000s\000e\000s}{section.7}% 37
\BOOKMARK [2][-]{subsection.7.15}{\376\377\000M\000A\000T\0002\0003\0005\000H\000-\0005\0002\0000\0001\000-\000S\000e\000p\000t\000-\0001\0007\000.\000p\000d\000f\000,\000\040\000p\000a\000g\000e\000s\000\040\0004\040\023\0005\000\040\040\024\000\040\000l\000e\000v\000e\000l\000\040\000s\000u\000r\000f\000a\000c\000e\000s\000\040\000\050\000p\000r\000e\000v\000i\000e\000w\000\051}{section.7}% 38
\BOOKMARK [1][-]{section.8}{\376\377\000S\000u\000g\000g\000e\000s\000t\000e\000d\000\040\000t\000e\000x\000t\000b\000o\000o\000k\000\040\000p\000r\000a\000c\000t\000i\000c\000e\000:\000\040\000S\000e\000c\000t\000i\000o\000n\000\040\0001\0002\000.\0002}{}% 39
\BOOKMARK [2][-]{subsection.8.1}{\376\377\0001\0002\000.\0002\000,\000\040\000E\000x\000e\000r\000c\000i\000s\000e\000\040\0001\000:\000\040\000p\000o\000i\000n\000t\000\040\000m\000e\000m\000b\000e\000r\000s\000h\000i\000p}{section.8}% 40
\BOOKMARK [2][-]{subsection.8.2}{\376\377\0001\0002\000.\0002\000,\000\040\000E\000x\000e\000r\000c\000i\000s\000e\000\040\0003\000:\000\040\000p\000o\000i\000n\000t\000\040\000m\000e\000m\000b\000e\000r\000s\000h\000i\000p}{section.8}% 41
\BOOKMARK [2][-]{subsection.8.3}{\376\377\0001\0002\000.\0002\000,\000\040\000E\000x\000e\000r\000c\000i\000s\000e\000\040\0005\000:\000\040\000m\000a\000t\000c\000h\000\040\000s\000u\000r\000f\000a\000c\000e\000s}{section.8}% 42
\BOOKMARK [2][-]{subsection.8.4}{\376\377\0001\0002\000.\0002\000,\000\040\000E\000x\000e\000r\000c\000i\000s\000e\000\040\0007\000:\000\040\000r\000e\000a\000d\000\040\000c\000r\000o\000s\000s\000-\000s\000e\000c\000t\000i\000o\000n\000s}{section.8}% 43
\BOOKMARK [2][-]{subsection.8.5}{\376\377\0001\0002\000.\0002\000,\000\040\000E\000x\000e\000r\000c\000i\000s\000e\000\040\0009\000:\000\040\000s\000p\000h\000e\000r\000e}{section.8}% 44
\BOOKMARK [2][-]{subsection.8.6}{\376\377\0001\0002\000.\0002\000,\000\040\000E\000x\000e\000r\000c\000i\000s\000e\000\040\0001\0001\000:\000\040\000d\000o\000w\000n\000w\000a\000r\000d\000\040\000p\000a\000r\000a\000b\000o\000l\000o\000i\000d}{section.8}% 45
\BOOKMARK [2][-]{subsection.8.7}{\376\377\0001\0002\000.\0002\000,\000\040\000E\000x\000e\000r\000c\000i\000s\000e\000\040\0001\0003\000:\000\040\000p\000l\000a\000n\000e}{section.8}% 46
\BOOKMARK [2][-]{subsection.8.8}{\376\377\0001\0002\000.\0002\000,\000\040\000E\000x\000e\000r\000c\000i\000s\000e\000\040\0001\0005\000:\000\040\000c\000y\000l\000i\000n\000d\000e\000r}{section.8}% 47
\BOOKMARK [2][-]{subsection.8.9}{\376\377\0001\0002\000.\0002\000,\000\040\000E\000x\000e\000r\000c\000i\000s\000e\000\040\0001\0007\000:\000\040\000t\000r\000a\000n\000s\000l\000a\000t\000e\000\040\000a\000\040\000s\000p\000h\000e\000r\000e}{section.8}% 48
\BOOKMARK [2][-]{subsection.8.10}{\376\377\0001\0002\000.\0002\000,\000\040\000E\000x\000e\000r\000c\000i\000s\000e\000\040\0002\0001\000:\000\040\000d\000r\000u\000g\000\040\000c\000o\000n\000c\000e\000n\000t\000r\000a\000t\000i\000o\000n}{section.8}% 49
\BOOKMARK [2][-]{subsection.8.11}{\376\377\0001\0002\000.\0002\000,\000\040\000E\000x\000e\000r\000c\000i\000s\000e\000\040\0002\0007\000:\000\040\000i\000d\000e\000n\000t\000i\000f\000y\000\040\000t\000h\000e\000\040\000f\000i\000x\000e\000d\000\040\000v\000a\000r\000i\000a\000b\000l\000e}{section.8}% 50
\BOOKMARK [2][-]{subsection.8.12}{\376\377\0001\0002\000.\0002\000,\000\040\000E\000x\000e\000r\000c\000i\000s\000e\000\040\0003\0001\000:\000\040\000m\000a\000t\000c\000h\000\040\000c\000r\000o\000s\000s\000-\000s\000e\000c\000t\000i\000o\000n\000\040\000f\000a\000m\000i\000l\000i\000e\000s}{section.8}% 51
\BOOKMARK [2][-]{subsection.8.13}{\376\377\0001\0002\000.\0002\000,\000\040\000E\000x\000e\000r\000c\000i\000s\000e\000\040\0004\0001\000:\000\040\000t\000r\000a\000v\000e\000l\000l\000i\000n\000g\000\040\000w\000a\000v\000e}{section.8}% 52
\BOOKMARK [1][-]{section.9}{\376\377\000S\000u\000g\000g\000e\000s\000t\000e\000d\000\040\000t\000e\000x\000t\000b\000o\000o\000k\000\040\000p\000r\000a\000c\000t\000i\000c\000e\000:\000\040\000S\000e\000c\000t\000i\000o\000n\000\040\0001\0002\000.\0003}{}% 53
\BOOKMARK [2][-]{subsection.9.1}{\376\377\0001\0002\000.\0003\000,\000\040\000E\000x\000e\000r\000c\000i\000s\000e\000\040\0001\000:\000\040\000s\000u\000r\000f\000a\000c\000e\000\040\000t\000o\000\040\000c\000o\000n\000t\000o\000u\000r\000s}{section.9}% 54
\BOOKMARK [2][-]{subsection.9.2}{\376\377\0001\0002\000.\0003\000,\000\040\000E\000x\000e\000r\000c\000i\000s\000e\000\040\0003\000:\000\040\000a\000\040\000c\000i\000r\000c\000u\000l\000a\000r\000\040\000d\000e\000p\000r\000e\000s\000s\000i\000o\000n}{section.9}% 55
\BOOKMARK [2][-]{subsection.9.3}{\376\377\0001\0002\000.\0003\000,\000\040\000E\000x\000e\000r\000c\000i\000s\000e\000\040\0005\000:\000\040\000r\000e\000a\000d\000\040\000a\000\040\000c\000o\000n\000t\000o\000u\000r\000\040\000v\000a\000l\000u\000e}{section.9}% 56
\BOOKMARK [2][-]{subsection.9.4}{\376\377\0001\0002\000.\0003\000,\000\040\000E\000x\000e\000r\000c\000i\000s\000e\000\040\0007\000:\000\040\000f\000i\000n\000d\000\040\000a\000\040\000p\000o\000i\000n\000t\000\040\000o\000n\000\040\000a\000\040\000l\000e\000v\000e\000l\000\040\000s\000e\000t}{section.9}% 57
\BOOKMARK [2][-]{subsection.9.5}{\376\377\0001\0002\000.\0003\000,\000\040\000E\000x\000e\000r\000c\000i\000s\000e\000\040\0009\000:\000\040\000c\000o\000n\000t\000o\000u\000r\000\040\000t\000h\000r\000o\000u\000g\000h\000\040\000a\000\040\000p\000o\000i\000n\000t}{section.9}% 58
\BOOKMARK [2][-]{subsection.9.6}{\376\377\0001\0002\000.\0003\000,\000\040\000E\000x\000e\000r\000c\000i\000s\000e\000\040\0001\0001\000:\000\040\000m\000a\000t\000c\000h\000\040\000s\000u\000r\000f\000a\000c\000e\000s\000\040\000a\000n\000d\000\040\000c\000o\000n\000t\000o\000u\000r\000\040\000d\000i\000a\000g\000r\000a\000m\000s}{section.9}% 59
\BOOKMARK [2][-]{subsection.9.7}{\376\377\0001\0002\000.\0003\000,\000\040\000E\000x\000e\000r\000c\000i\000s\000e\000\040\0001\0003\000:\000\040\000t\000a\000b\000l\000e\000s\000\040\000t\000o\000\040\000c\000o\000n\000t\000o\000u\000r\000\040\000d\000i\000a\000g\000r\000a\000m\000s}{section.9}% 60
\BOOKMARK [2][-]{subsection.9.8}{\376\377\0001\0002\000.\0003\000,\000\040\000E\000x\000e\000r\000c\000i\000s\000e\000\040\0001\0005\000:\000\040\000p\000a\000r\000a\000l\000l\000e\000l\000\040\000l\000i\000n\000e\000\040\000c\000o\000n\000t\000o\000u\000r\000s}{section.9}% 61
\BOOKMARK [2][-]{subsection.9.9}{\376\377\0001\0002\000.\0003\000,\000\040\000E\000x\000e\000r\000c\000i\000s\000e\000\040\0001\0007\000:\000\040\000d\000o\000w\000n\000w\000a\000r\000d\000\040\000b\000o\000w\000l\000\040\000c\000o\000n\000t\000o\000u\000r\000s}{section.9}% 62
\BOOKMARK [2][-]{subsection.9.10}{\376\377\0001\0002\000.\0003\000,\000\040\000E\000x\000e\000r\000c\000i\000s\000e\000\040\0001\0009\000:\000\040\000p\000a\000r\000a\000b\000o\000l\000i\000c\000\040\000c\000o\000n\000t\000o\000u\000r\000s}{section.9}% 63
\BOOKMARK [2][-]{subsection.9.11}{\376\377\0001\0002\000.\0003\000,\000\040\000E\000x\000e\000r\000c\000i\000s\000e\000\040\0002\0005\000:\000\040\000i\000n\000t\000e\000r\000p\000r\000e\000t\000\040\000c\000o\000n\000t\000o\000u\000r\000\040\000l\000a\000b\000e\000l\000s}{section.9}% 64
\BOOKMARK [2][-]{subsection.9.12}{\376\377\0001\0002\000.\0003\000,\000\040\000E\000x\000e\000r\000c\000i\000s\000e\000\040\0002\0007\000:\000\040\000t\000r\000a\000d\000e\000-\000o\000f\000f\000\040\000a\000l\000o\000n\000g\000\040\000a\000\040\000c\000o\000n\000t\000o\000u\000r}{section.9}% 65
\BOOKMARK [2][-]{subsection.9.13}{\376\377\0001\0002\000.\0003\000,\000\040\000E\000x\000e\000r\000c\000i\000s\000e\000\040\0004\0007\000:\000\040\000p\000r\000o\000f\000i\000t\000\040\000c\000o\000n\000t\000o\000u\000r\000s}{section.9}% 66
\BOOKMARK [1][-]{section.10}{\376\377\000O\000r\000i\000g\000i\000n\000a\000l\000\040\000s\000e\000l\000f\000-\000t\000e\000s\000t}{}% 67
\BOOKMARK [1][-]{section.11}{\376\377\000C\000o\000v\000e\000r\000a\000g\000e\000\040\000a\000n\000d\000\040\000s\000o\000u\000r\000c\000e\000\040\000a\000u\000d\000i\000t}{}% 68
\BOOKMARK [2][-]{subsection.11.1}{\376\377\000S\000c\000o\000p\000e\000\040\000a\000n\000d\000\040\000p\000r\000o\000v\000e\000n\000a\000n\000c\000e}{section.11}% 69
\BOOKMARK [2][-]{subsection.11.2}{\376\377\000P\000a\000g\000e\000-\000t\000o\000-\000t\000o\000p\000i\000c\000\040\000c\000h\000e\000c\000k\000l\000i\000s\000t}{section.11}% 70
\BOOKMARK [2][-]{subsection.11.3}{\376\377\000P\000r\000o\000b\000l\000e\000m\000-\000t\000y\000p\000e\000\040\000a\000n\000d\000\040\000e\000x\000e\000r\000c\000i\000s\000e\000\040\000c\000h\000e\000c\000k\000l\000i\000s\000t}{section.11}% 71
\BOOKMARK [2][-]{subsection.11.4}{\376\377\000C\000o\000r\000r\000e\000c\000t\000i\000o\000n\000s\000,\000\040\000a\000m\000b\000i\000g\000u\000i\000t\000y\000,\000\040\000a\000n\000d\000\040\000l\000i\000m\000i\000t\000s}{section.11}% 72
\BOOKMARK [2][-]{subsection.11.5}{\376\377\000G\000r\000a\000p\000h\000i\000c\000\040\000a\000n\000d\000\040\000b\000u\000i\000l\000d\000\040\000c\000h\000e\000c\000k\000s}{section.11}% 73
